--- Testing Discovery ---
Discovered undefined jobs

--- Testing Scoring on Job: c1bb8573-7747-4e2f-aae9-915940fb3719 ---
Scoring Result: undefined undefined

--- Testing Company Research on Job: c1bb8573-7747-4e2f-aae9-915940fb3719 ---
Research Result: Failed

--- Testing Cover Letter Generation on Job: c1bb8573-7747-4e2f-aae9-915940fb3719 ---
node : Cover Letter 
Generation Failed: 
Internal Server Error
At line:1 char:1
+ node test-api.mjs > 
test-output.txt 2>&1
+ ~~~~~~~~~~~~~~~~~~~~~
~~~~~~~~~~~~~~~~~~~
    + CategoryInfo     
         : NotSpecifi  
  ed: (Cover Letter    
 Ge...al Server Err    
or:String) [], Rem    
oteException
    + FullyQualifiedEr 
   rorId : NativeComm  
  andError
 
